Microchip MPLAB XC8 Compiler V1.43 ()

Linker command line:

-W-3 --edf=/opt/microchip/xc8/v1.43/dat/en_msgs.txt -cs \
  -h+dist/default/debug/PowerCTRL_MutingRelayUnit.X.debug.sym \
  --cmf=dist/default/debug/PowerCTRL_MutingRelayUnit.X.debug.cmf -z \
  -Q12F675 -o/tmp/xcXk8xOfz \
  -Mdist/default/debug/PowerCTRL_MutingRelayUnit.X.debug.map -E1 -ver=XC8 \
  -ASTACK=023h-053h -pstack=STACK -ACODE=00h-02FFh -ASTRCODE=00h-02FFh \
  -ASTRING=00h-0FFhx3 -ACONST=00h-0FFhx3 -AENTRY=00h-0FFhx3 \
  -ABANK0=020h-053h -ARAM=020h-053h -AABS1=020h-05Fh -ASFR0=00h-01Fh \
  -ASFR1=080h-0FFh -preset_vec=00h,intentry,init,end_init -ppowerup=CODE \
  -pcinit=CODE -pfunctab=ENTRY -ACONFIG=02007h-02007h -pconfig=CONFIG \
  -DCONFIG=2 -AIDLOC=02000h-02003h -pidloc=IDLOC -DIDLOC=2 \
  -AEEDATA=00h-07Fh/02100h -peeprom_data=EEDATA -DEEDATA=2 -posccal=03FFh \
  -DCODE=2 -DSTRCODE=2 -DSTRING=2 -DCONST=2 -DENTRY=2 -k /tmp/xcX7IuMSl.obj \
  dist/default/debug/PowerCTRL_MutingRelayUnit.X.debug.obj 

Object code version is 3.11

Machine type is 12F675



                Name                               Link     Load   Length Selector   Space Scale
/tmp/xcX7IuMSl.obj
                end_init                              1        1        1        0       0
                reset_vec                             0        0        1        0       0
                config                             2007     2007        1     400E       0
dist/default/debug/PowerCTRL_MutingRelayUnit.X.debug.obj
                cinit                               2FE      2FE        2      5FC       0
                text1                               2D3      2D3        7      5A6       0
                maintext                            2DA      2DA       24      5B4       0
                cstackBANK0                          20       20        3       20       1

TOTAL           Name                               Link     Load   Length     Space
        CLASS   STACK          

        CLASS   CODE           
                end_init                              1        1        1         0
                cinit                               2FE      2FE        2         0
                reset_vec                             0        0        1         0
                text1                               2D3      2D3        7         0
                maintext                            2DA      2DA       24         0

        CLASS   STRCODE        

        CLASS   STRING         

        CLASS   CONST          

        CLASS   ENTRY          

        CLASS   BANK0          
                cstackBANK0                          20       20        3         1

        CLASS   RAM            

        CLASS   ABS1           

        CLASS   SFR0           

        CLASS   SFR1           

        CLASS   CONFIG         
                config                             2007     2007        1         0

        CLASS   IDLOC          

        CLASS   EEDATA         

        CLASS   COMMON         

        CLASS   BANK1          



SEGMENTS        Name                           Load    Length   Top    Selector   Space  Class     Delta

                reset_vec                      000000  000002  000002         0       0  CODE        2
                cstackBANK0                    000020  000003  000023        20       1  BANK0       1
                text1                          0002D3  000007  0002DA       5A6       0  CODE        2
                maintext                       0002DA  000024  0002FE       5B4       0  CODE        2
                cinit                          0002FE  000002  000300       5FC       0  CODE        2
                config                         002007  000001  002008      400E       0  CONFIG      2


UNUSED ADDRESS RANGES

        Name                Unused          Largest block    Delta
        BANK0            0023-0053             31           1
        CODE             0002-02D2            2D1           2
        CONST            0002-02D2            100           2
        EEDATA           2100-217F             80           2
        ENTRY            0002-02D2            100           2
        IDLOC            2000-2003              4           2
        RAM              0023-0053             31           1
        SFR0             0000-001F             20           1
        SFR1             0080-00FF             80           1
        STACK            0023-0053             31           1
        STRCODE          0002-02D2            2D1           2
        STRING           0002-02D2            100           2

                                  Symbol Table

_Basic_Init              text1       02D3
_GP1                     (abs)       0029
_GP2                     (abs)       002A
_GP4                     (abs)       002C
_GP5                     (abs)       002D
_GPIO                    (abs)       0005
_IOC                     (abs)       0096
_TRISIO                  (abs)       0085
_WPU                     (abs)       0095
__CFG_BOREN$OFF          (abs)       0000
__CFG_CP$OFF             (abs)       0000
__CFG_CPD$OFF            (abs)       0000
__CFG_FOSC$INTRCIO       (abs)       0000
__CFG_MCLRE$ON           (abs)       0000
__CFG_PWRTE$OFF          (abs)       0000
__CFG_WDTE$OFF           (abs)       0000
__Habs1                  abs1        07FE
__Hbank0                 bank0       07FE
__Hbank1                 bank1       07FE
__Hcinit                 cinit       0300
__Hclrtext               clrtext     07FE
__Hcode                  code        07FE
__Hcommon                common      07FE
__Hconfig                config      2008
__HcstackBANK0           cstackBANK0 07FE
__Heeprom_data           eeprom_data 0000
__Hend_init              end_init    0002
__Hfunctab               functab     0000
__Hidloc                 idloc       0000
__Hinit                  init        0001
__Hintentry              intentry    0001
__Hmaintext              maintext    07FE
__Hosccal                osccal      03FF
__Hpowerup               powerup     0000
__Hram                   ram         07FE
__Hreset_vec             reset_vec   0001
__Hsfr0                  sfr0        07FE
__Hsfr1                  sfr1        07FE
__Hspace_0               (abs)       2008
__Hspace_1               (abs)       07FE
__Hspace_2               (abs)       0000
__Hspace_3               (abs)       0000
__Hstack                 stack       0000
__Hstrings               strings     07FE
__Htext                  text        07FE
__Labs1                  abs1        07FE
__Lbank0                 bank0       07FE
__Lbank1                 bank1       07FE
__Lcinit                 cinit       02FE
__Lclrtext               clrtext     07FE
__Lcode                  code        07FE
__Lcommon                common      07FE
__Lconfig                config      2007
__LcstackBANK0           cstackBANK0 07FE
__Leeprom_data           eeprom_data 0000
__Lend_init              end_init    0001
__Lfunctab               functab     0000
__Lidloc                 idloc       0000
__Linit                  init        0001
__Lintentry              intentry    0001
__Lmaintext              maintext    07FE
__Losccal                osccal      03FF
__Lpowerup               powerup     0000
__Lram                   ram         07FE
__Lreset_vec             reset_vec   0000
__Lsfr0                  sfr0        07FE
__Lsfr1                  sfr1        07FE
__Lspace_0               (abs)       0000
__Lspace_1               (abs)       0000
__Lspace_2               (abs)       0000
__Lspace_3               (abs)       0000
__Lstack                 stack       0000
__Lstrings               strings     07FE
__Ltext                  text        07FE
__S0                     (abs)       2008
__S1                     (abs)       0023
__S2                     (abs)       0000
__S3                     (abs)       0000
___int_sp                stack       0000
___latbits               (abs)       0000
___osccal_val            osccal      03FF
___sp                    stack       0000
__end_of_Basic_Init      text1       02DA
__end_of__initialization cinit       02FE
__end_of_main            maintext    02FE
__initialization         cinit       02FE
__pcstackBANK0           cstackBANK0 0020
__pmaintext              maintext    02DA
__ptext1                 text1       02D3
__size_of_Basic_Init     (abs)       0000
__size_of_main           (abs)       0000
_main                    maintext    02DA
end_of_initialization    cinit       02FE
intlevel0                functab     0000
intlevel1                functab     0000
intlevel2                functab     0000
intlevel3                functab     0000
intlevel4                functab     0000
intlevel5                functab     0000
reset_vec                reset_vec   0000
stackhi                  (abs)       0000
stacklo                  (abs)       0000
start                    init        0001
start_initialization     cinit       02FE


FUNCTION INFORMATION:

 *************** function _main *****************
 Defined at:
		line 11 in file "main.c"
 Parameters:    Size  Location     Type
		None
 Auto vars:     Size  Location     Type
		None
 Return value:  Size  Location     Type
                  1    wreg      void 
 Registers used:
		wreg, status,2, status,0, pclath, cstack
 Tracked objects:
		On entry : 
		On exit  : 
		Unchanged: 
 Data sizes:      BANK0
      Params:         0
      Locals:         0
      Temps:          3
      Totals:         3
Total ram usage:        3 bytes
 Hardware stack levels required when called:    1
 This function calls:
		_Basic_Init
 This function is called by:
		Startup code after reset
 This function uses a non-reentrant model


 *************** function _Basic_Init *****************
 Defined at:
		line 28 in file "main.c"
 Parameters:    Size  Location     Type
		None
 Auto vars:     Size  Location     Type
		None
 Return value:  Size  Location     Type
                  1    wreg      void 
 Registers used:
		status,2
 Tracked objects:
		On entry : 
		On exit  : 
		Unchanged: 
 Data sizes:      BANK0
      Params:         0
      Locals:         0
      Temps:          0
      Totals:         0
Total ram usage:        0 bytes
 Hardware stack levels used:    1
 This function calls:
		Nothing
 This function is called by:
		_main
 This function uses a non-reentrant model



MODULE INFORMATION

Module		Function		Class		Link	Load	Size
shared
		__initialization		CODE           	02FE	0000	1

shared estimated size: 1

main.c
		_main          		CODE           	02DA	0000	37
		_Basic_Init    		CODE           	02D3	0000	8

main.c estimated size: 45

