Microchip MPLAB XC8 Compiler V1.43 ()

Linker command line:

-W-3 --edf=/opt/microchip/xc8/v1.43/dat/en_msgs.txt -cs \
  -h+dist/default/production/PowerCTRL_MutingRelayUnit.X.production.sym \
  --cmf=dist/default/production/PowerCTRL_MutingRelayUnit.X.production.cmf \
  -z -Q12F675 -o/tmp/xcX2kNLWn \
  -Mdist/default/production/PowerCTRL_MutingRelayUnit.X.production.map -E1 \
  -ver=XC8 -ASTACK=02Ch-05dh -pstack=STACK -ACODE=00h-03FEh \
  -ASTRCODE=00h-03FEh -ASTRING=00h-0FFhx3,0300h-03FEh \
  -ACONST=00h-0FFhx3,0300h-03FEh -AENTRY=00h-0FFhx3,0300h-03FEh \
  -ABANK0=020h-05Dh -ARAM=020h-05Dh -AABS1=020h-05Fh -ACOMMON=05Eh-05Fh \
  -ASFR0=00h-01Fh -ASFR1=080h-0DDh \
  -preset_vec=00h,intentry=04h,init,end_init -ppowerup=CODE -pcinit=CODE \
  -pfunctab=ENTRY -ACONFIG=02007h-02007h -pconfig=CONFIG -DCONFIG=2 \
  -AIDLOC=02000h-02003h -pidloc=IDLOC -DIDLOC=2 -AEEDATA=00h-07Fh/02100h \
  -peeprom_data=EEDATA -DEEDATA=2 -posccal=03FFh -DCODE=2 -DSTRCODE=2 \
  -DSTRING=2 -DCONST=2 -DENTRY=2 -k /tmp/xcXfgePfR.obj \
  dist/default/production/PowerCTRL_MutingRelayUnit.X.production.obj 

Object code version is 3.11

Machine type is 12F675



                Name                               Link     Load   Length Selector   Space Scale
/tmp/xcXfgePfR.obj
                end_init                              F        F        1        8       0
                reset_vec                             0        0        1        0       0
                config                             2007     2007        1     400E       0
dist/default/production/PowerCTRL_MutingRelayUnit.X.production.obj
                cinit                                10       10        7        8       0
                intentry                              4        4        B        8       0
                text4                                51       51       11        8       0
                text3                                38       38       19        8       0
                text2                                62       62        D        8       0
                text1                                6F       6F        C        8       0
                maintext                             17       17       21        8       0
                cstackBANK0                          20       20        8       20       1
                bssBANK0                             28       28        4       20       1

TOTAL           Name                               Link     Load   Length     Space
        CLASS   STACK          

        CLASS   CODE           
                end_init                              F        F        1         0
                cinit                                10       10        7         0
                intentry                              4        4        B         0
                reset_vec                             0        0        1         0
                text4                                51       51       11         0
                text3                                38       38       19         0
                text2                                62       62        D         0
                text1                                6F       6F        C         0
                maintext                             17       17       21         0

        CLASS   STRCODE        

        CLASS   STRING         

        CLASS   CONST          

        CLASS   ENTRY          

        CLASS   BANK0          
                cstackBANK0                          20       20        8         1
                bssBANK0                             28       28        4         1

        CLASS   RAM            

        CLASS   ABS1           
                abs_s1                               5E       5E        2         1

        CLASS   COMMON         

        CLASS   SFR0           

        CLASS   SFR1           

        CLASS   CONFIG         
                config                             2007     2007        1         0

        CLASS   IDLOC          

        CLASS   EEDATA         

        CLASS   BANK1          



SEGMENTS        Name                           Load    Length   Top    Selector   Space  Class     Delta

                reset_vec                      000000  000001  000001         0       0  CODE        2
                intentry                       000004  000077  00007B         8       0  CODE        2
                cstackBANK0                    000020  00000C  00002C        20       1  BANK0       1
                config                         002007  000001  002008      400E       0  CONFIG      2


UNUSED ADDRESS RANGES

        Name                Unused          Largest block    Delta
        BANK0            002C-005D             32           1
        CODE             0001-0003              3           2
                         007B-03FE            384
        CONST            0001-0003              3           2
                         007B-03FE            100
        EEDATA           2100-217F             80           2
        ENTRY            0001-0003              3           2
                         007B-03FE            100
        IDLOC            2000-2003              4           2
        RAM              002C-005D             32           1
        SFR0             0000-001F             20           1
        SFR1             0080-00DD             5E           1
        STACK            002C-005D             32           1
        STRCODE          0001-0003              3           2
                         007B-03FE            384
        STRING           0001-0003              3           2
                         007B-03FE            100

                                  Symbol Table

?_Switch_ReadTime          cstackBANK0  0024
Swich_CountHIGH@count      bssBANK0     0028
Switch_ReadTime@store_time cstackBANK0  0026
_ANSEL                     (abs)        009F
_Basic_Init                text2        0062
_CMCON                     (abs)        0019
_GIE                       (abs)        005F
_GP0                       (abs)        0028
_GP4                       (abs)        002C
_GP5                       (abs)        002D
_GPIO                      (abs)        0005
_Handler                   text3        0038
_IOC                       (abs)        0096
_PEIE                      (abs)        005E
_Swich_CountHIGH           text4        0051
_Switch_ReadTime           text1        006F
_T1CON                     (abs)        0010
_TMR1                      (abs)        000E
_TMR1IE                    (abs)        0460
_TMR1IF                    (abs)        0060
_TMR1ON                    (abs)        0080
_TRISIO                    (abs)        0085
_WPU                       (abs)        0095
__CFG_BOREN$OFF            (abs)        0000
__CFG_CP$OFF               (abs)        0000
__CFG_CPD$OFF              (abs)        0000
__CFG_FOSC$INTRCIO         (abs)        0000
__CFG_MCLRE$ON             (abs)        0000
__CFG_PWRTE$OFF            (abs)        0000
__CFG_WDTE$OFF             (abs)        0000
__Habs1                    abs1         07FE
__Hbank0                   bank0        07FE
__Hbank1                   bank1        07FE
__HbssBANK0                bssBANK0     07FE
__Hcinit                   cinit        0017
__Hclrtext                 clrtext      07FE
__Hcode                    code         07FE
__Hcommon                  common       07FE
__Hconfig                  config       2008
__HcstackBANK0             cstackBANK0  07FE
__HcstackCOMMON            cstackCOMMON 07FE
__Heeprom_data             eeprom_data  0000
__Hend_init                end_init     0010
__Hfunctab                 functab      0000
__Hidloc                   idloc        0000
__Hinit                    init         000F
__Hintentry                intentry     000F
__Hmaintext                maintext     07FE
__Hosccal                  osccal       03FF
__Hpowerup                 powerup      0000
__Hram                     ram          07FE
__Hreset_vec               reset_vec    0001
__Hsfr0                    sfr0         07FE
__Hsfr1                    sfr1         07FE
__Hspace_0                 (abs)        2008
__Hspace_1                 (abs)        07FE
__Hspace_2                 (abs)        0000
__Hspace_3                 (abs)        0000
__Hstack                   stack        0000
__Hstrings                 strings      07FE
__Htext                    text         07FE
__Labs1                    abs1         07FE
__Lbank0                   bank0        07FE
__Lbank1                   bank1        07FE
__LbssBANK0                bssBANK0     07FE
__Lcinit                   cinit        0010
__Lclrtext                 clrtext      07FE
__Lcode                    code         07FE
__Lcommon                  common       07FE
__Lconfig                  config       2007
__LcstackBANK0             cstackBANK0  07FE
__LcstackCOMMON            cstackCOMMON 07FE
__Leeprom_data             eeprom_data  0000
__Lend_init                end_init     000F
__Lfunctab                 functab      0000
__Lidloc                   idloc        0000
__Linit                    init         000F
__Lintentry                intentry     0004
__Lmaintext                maintext     07FE
__Losccal                  osccal       03FF
__Lpowerup                 powerup      0000
__Lram                     ram          07FE
__Lreset_vec               reset_vec    0000
__Lsfr0                    sfr0         07FE
__Lsfr1                    sfr1         07FE
__Lspace_0                 (abs)        0000
__Lspace_1                 (abs)        0000
__Lspace_2                 (abs)        0000
__Lspace_3                 (abs)        0000
__Lstack                   stack        0000
__Lstrings                 strings      07FE
__Ltext                    text         07FE
__S0                       (abs)        2008
__S1                       (abs)        002C
__S2                       (abs)        0000
__S3                       (abs)        0000
___int_sp                  stack        0000
___latbits                 (abs)        0000
___osccal_val              osccal       03FF
___sp                      stack        0000
__end_of_Basic_Init        text2        006F
__end_of_Handler           text3        0051
__end_of_Swich_CountHIGH   text4        0062
__end_of_Switch_ReadTime   text1        007B
__end_of__initialization   cinit        0015
__end_of_main              maintext     0038
__initialization           cinit        0010
__pbssBANK0                bssBANK0     0028
__pcstackBANK0             cstackBANK0  0020
__pcstackCOMMON            cstackCOMMON 0000
__pintentry                intentry     0004
__pmaintext                maintext     0017
__ptext1                   text1        006F
__ptext2                   text2        0062
__ptext3                   text3        0038
__ptext4                   text4        0051
__size_of_Basic_Init       (abs)        0000
__size_of_Handler          (abs)        0000
__size_of_Swich_CountHIGH  (abs)        0000
__size_of_Switch_ReadTime  (abs)        0000
__size_of_main             (abs)        0000
_main                      maintext     0017
_sw_time                   bssBANK0     002A
btemp                      (abs)        005E
end_of_initialization      cinit        0015
interrupt_function         intentry     0004
intlevel0                  functab      0000
intlevel1                  functab      0000
intlevel2                  functab      0000
intlevel3                  functab      0000
intlevel4                  functab      0000
intlevel5                  functab      0000
reset_vec                  reset_vec    0000
saved_w                    (abs)        005E
stackhi                    (abs)        0000
stacklo                    (abs)        0000
start                      init         000F
start_initialization       cinit        0010
wtemp0                     (abs)        005E


FUNCTION INFORMATION:

 *************** function _main *****************
 Defined at:
		line 15 in file "main.c"
 Parameters:    Size  Location     Type
		None
 Auto vars:     Size  Location     Type
		None
 Return value:  Size  Location     Type
                  1    wreg      void 
 Registers used:
		wreg, status,2, status,0, pclath, cstack
 Tracked objects:
		On entry : 
		On exit  : 
		Unchanged: 
 Data sizes:     COMMON   BANK0
      Params:         0       0
      Locals:         0       0
      Temps:          0       0
      Totals:         0       0
Total ram usage:        0 bytes
 Hardware stack levels required when called:    3
 This function calls:
		_Basic_Init
		_Switch_ReadTime
 This function is called by:
		Startup code after reset
 This function uses a non-reentrant model


 *************** function _Switch_ReadTime *****************
 Defined at:
		line 78 in file "main.c"
 Parameters:    Size  Location     Type
		None
 Auto vars:     Size  Location     Type
  store_time      2    6[BANK0 ] unsigned int 
 Return value:  Size  Location     Type
                  2    4[BANK0 ] unsigned int 
 Registers used:
		wreg, status,2
 Tracked objects:
		On entry : 
		On exit  : 
		Unchanged: 
 Data sizes:     COMMON   BANK0
      Params:         0       2
      Locals:         0       2
      Temps:          0       0
      Totals:         0       4
Total ram usage:        4 bytes
 Hardware stack levels used:    1
 Hardware stack levels required when called:    2
 This function calls:
		Nothing
 This function is called by:
		_main
 This function uses a non-reentrant model


 *************** function _Basic_Init *****************
 Defined at:
		line 40 in file "main.c"
 Parameters:    Size  Location     Type
		None
 Auto vars:     Size  Location     Type
		None
 Return value:  Size  Location     Type
                  1    wreg      void 
 Registers used:
		wreg, status,2
 Tracked objects:
		On entry : 
		On exit  : 
		Unchanged: 
 Data sizes:     COMMON   BANK0
      Params:         0       0
      Locals:         0       0
      Temps:          0       0
      Totals:         0       0
Total ram usage:        0 bytes
 Hardware stack levels used:    1
 Hardware stack levels required when called:    2
 This function calls:
		Nothing
 This function is called by:
		_main
 This function uses a non-reentrant model


 *************** function _Handler *****************
 Defined at:
		line 51 in file "main.c"
 Parameters:    Size  Location     Type
		None
 Auto vars:     Size  Location     Type
		None
 Return value:  Size  Location     Type
                  1    wreg      void 
 Registers used:
		wreg, status,2, status,0, pclath, cstack
 Tracked objects:
		On entry : 
		On exit  : 
		Unchanged: 
 Data sizes:     COMMON   BANK0
      Params:         0       0
      Locals:         0       0
      Temps:          0       4
      Totals:         0       4
Total ram usage:        4 bytes
 Hardware stack levels used:    1
 Hardware stack levels required when called:    1
 This function calls:
		_Swich_CountHIGH
 This function is called by:
		Interrupt level 1
 This function uses a non-reentrant model


 *************** function _Swich_CountHIGH *****************
 Defined at:
		line 63 in file "main.c"
 Parameters:    Size  Location     Type
		None
 Auto vars:     Size  Location     Type
		None
 Return value:  Size  Location     Type
                  1    wreg      void 
 Registers used:
		wreg, status,2
 Tracked objects:
		On entry : 
		On exit  : 
		Unchanged: 
 Data sizes:     COMMON   BANK0
      Params:         0       0
      Locals:         0       0
      Temps:          0       0
      Totals:         0       0
Total ram usage:        0 bytes
 Hardware stack levels used:    1
 This function calls:
		Nothing
 This function is called by:
		_Handler
 This function uses a non-reentrant model



MODULE INFORMATION

Module		Function		Class		Link	Load	Size
shared
		__initialization		CODE           	0010	0000	6

shared estimated size: 6

main.c
		_Handler       		CODE           	0038	0000	26
		_main          		CODE           	0017	0000	34
		_Swich_CountHIGH		CODE           	0051	0000	18
		_Switch_ReadTime		CODE           	006F	0000	13
		_Basic_Init    		CODE           	0062	0000	14

main.c estimated size: 105

